<html>
<body>
<pre>
<h1>礦ision Build Log</h1>
<h2>Tool Versions:</h2>
IDE-Version: μVision V5.22.0.0
Copyright (C) 2016 ARM Ltd and ARM Germany GmbH. All rights reserved.
License Information: c c, c, LIC=S5IQD-8LDTB-BWH2G-V1PE5-CTL57-T83RW
 
Tool Versions:
Toolchain:       MDK-ARM Professional  Version: 5.22
Toolchain Path:  E:\Keil_v5\ARM\ARMCC\Bin
C Compiler:      Armcc.exe V5.06 update 4 (build 422)
Assembler:       Armasm.exe V5.06 update 4 (build 422)
Linker/Locator:  ArmLink.exe V5.06 update 4 (build 422)
Library Manager: ArmAr.exe V5.06 update 4 (build 422)
Hex Converter:   FromElf.exe V5.06 update 4 (build 422)
CPU DLL:         SARMCM3.DLL V5.22
Dialog DLL:      DCM.DLL V1.13.9.0
Target DLL:      Segger\JL2CM3.dll V2.99.23.0
Dialog DLL:      TCM.DLL V1.21.0.0
 
<h2>Project:</h2>
E:\项目\pdod\PDOD-01\PDOD-01.uvproj
Project File Date:  08/20/2019

<h2>Output:</h2>
*** Using Compiler 'V5.06 update 4 (build 422)', folder: 'E:\Keil_v5\ARM\ARMCC\Bin'
Build target 'Flash'
compiling uart1.c...
compiling update.c...
driver\update.c(87): warning:  #1461-D: function declared with "noreturn" does return
  }
driver\update.c: 1 warning, 0 errors
compiling task_modbus.c...
task_modbus.c(84): warning:  #1461-D: function declared with "noreturn" does return
  }
task_modbus.c: 1 warning, 0 errors
compiling main.c...
compiling config.c...
compiling modbus.c...
compiling ADC.c...
linking...
Program Size: Code=20928 RO-data=484 RW-data=640 ZI-data=20528  
FromELF: creating hex file...
After Build - User command #1: fromelf --bin --output="E:\项目\pdod\PDOD-01\obj\PDOD-01.bin" "E:\项目\pdod\PDOD-01\obj\PDOD-01.axf"
".\obj\PDOD-01.axf" - 0 Error(s), 2 Warning(s).
Build Time Elapsed:  00:00:04
</pre>
</body>
</html>
